python : Traceback 
(most recent call 
last):
Au caractère Ligne:1 
: 1
+ python 
test_error.py > 
test_error.log 2>&1
+ ~~~~~~~~~~~~~~~~~~~~
~~~~~~~~~~~~~~~~~~~~~~
    + CategoryInfo    
          : NotSpeci  
  fied: (Traceback    
 (most recent call    
 last)::String) [    
], RemoteExceptio    n
    + FullyQualifiedE 
   rrorId : NativeCo  
  mmandError
 
  File "C:\Users\hp\De
sktop\cliniaque\test_e
rror.py", line 14, in 
<module>
    resp = client.get(
'/messages')
           ^^^^^^^^^^^
^^^^^^^^^^^^
  File "C:\Users\hp\Ap
pData\Local\Programs\P
ython\Python311\Lib\si
te-packages\werkzeug\t
est.py", line 1162, 
in get
    return 
self.open(*args, **kw)
           
^^^^^^^^^^^^^^^^^^^^^^
  File "C:\Users\hp\Ap
pData\Local\Programs\P
ython\Python311\Lib\si
te-packages\flask\test
ing.py", line 235, in 
open
    response = 
super().open(
               
^^^^^^^^^^^^^
  File "C:\Users\hp\Ap
pData\Local\Programs\P
ython\Python311\Lib\si
te-packages\werkzeug\t
est.py", line 1116, 
in open
    response_parts = s
elf.run_wsgi_app(reque
st.environ, 
buffered=buffered)
                     ^
^^^^^^^^^^^^^^^^^^^^^^
^^^^^^^^^^^^^^^^^^^^^^
^^^^^^^^
  File "C:\Users\hp\Ap
pData\Local\Programs\P
ython\Python311\Lib\si
te-packages\werkzeug\t
est.py", line 988, in 
run_wsgi_app
    rv = run_wsgi_app(
self.application, 
environ, 
buffered=buffered)
         ^^^^^^^^^^^^^
^^^^^^^^^^^^^^^^^^^^^^
^^^^^^^^^^^^^^^^^^^^^^
^
  File "C:\Users\hp\Ap
pData\Local\Programs\P
ython\Python311\Lib\si
te-packages\werkzeug\t
est.py", line 1264, 
in run_wsgi_app
    app_rv = 
app(environ, 
start_response)
             ^^^^^^^^^
^^^^^^^^^^^^^^^^^^^
  File "C:\Users\hp\Ap
pData\Local\Programs\P
ython\Python311\Lib\si
te-packages\flask\app.
py", line 1536, in 
__call__
    return self.wsgi_a
pp(environ, 
start_response)
           ^^^^^^^^^^^
^^^^^^^^^^^^^^^^^^^^^^
^^^^^
  File "C:\Users\hp\Ap
pData\Local\Programs\P
ython\Python311\Lib\si
te-packages\flask\app.
py", line 1514, in 
wsgi_app
    response = self.ha
ndle_exception(e)
               ^^^^^^^
^^^^^^^^^^^^^^^^^
  File "C:\Users\hp\Ap
pData\Local\Programs\P
ython\Python311\Lib\si
te-packages\flask\app.
py", line 1511, in 
wsgi_app
    response = self.fu
ll_dispatch_request()
               ^^^^^^^
^^^^^^^^^^^^^^^^^^^^^
  File "C:\Users\hp\Ap
pData\Local\Programs\P
ython\Python311\Lib\si
te-packages\flask\app.
py", line 919, in 
full_dispatch_request
    rv = self.handle_u
ser_exception(e)
         ^^^^^^^^^^^^^
^^^^^^^^^^^^^^^^
  File "C:\Users\hp\Ap
pData\Local\Programs\P
ython\Python311\Lib\si
te-packages\flask\app.
py", line 917, in 
full_dispatch_request
    rv = self.dispatch
_request()
         ^^^^^^^^^^^^^
^^^^^^^^^^
  File "C:\Users\hp\Ap
pData\Local\Programs\P
ython\Python311\Lib\si
te-packages\flask\app.
py", line 902, in 
dispatch_request
    return self.ensure
_sync(self.view_functi
ons[rule.endpoint])(**
view_args)  # type: 
ignore[no-any-return]
           ^^^^^^^^^^^
^^^^^^^^^^^^^^^^^^^^^^
^^^^^^^^^^^^^^^^^^^^^^
^^^^^^^^^^
  File "C:\Users\hp\Ap
pData\Local\Programs\P
ython\Python311\Lib\si
te-packages\flask_logi
n\utils.py", line 
290, in decorated_view
    return current_app
.ensure_sync(func)(*ar
gs, **kwargs)
           ^^^^^^^^^^^
^^^^^^^^^^^^^^^^^^^^^^
^^^^^^^^^^^^^
  File "C:\Users\hp\De
sktop\cliniaque\app.py
", line 219, in 
messages
    return render_temp
late('messages.html', 
messages=all_msgs, 
contact=contact, 
contacts=contacts)
           ^^^^^^^^^^^
^^^^^^^^^^^^^^^^^^^^^^
^^^^^^^^^^^^^^^^^^^^^^
^^^^^^^^^^^^^^^^^^^^^^
^^^^^^^^^^
  File "C:\Users\hp\Ap
pData\Local\Programs\P
ython\Python311\Lib\si
te-packages\flask\temp
lating.py", line 151, 
in render_template
    return 
_render(app, 
template, context)
           ^^^^^^^^^^^
^^^^^^^^^^^^^^^^^^^^
  File "C:\Users\hp\Ap
pData\Local\Programs\P
ython\Python311\Lib\si
te-packages\flask\temp
lating.py", line 132, 
in _render
    rv = template.rend
er(context)
         ^^^^^^^^^^^^^
^^^^^^^^^^^
  File "C:\Users\hp\Ap
pData\Local\Programs\P
ython\Python311\Lib\si
te-packages\jinja2\env
ironment.py", line 
1295, in render
    self.environment.h
andle_exception()
  File "C:\Users\hp\Ap
pData\Local\Programs\P
ython\Python311\Lib\si
te-packages\jinja2\env
ironment.py", line 
942, in 
handle_exception
    raise rewrite_trac
eback_stack(source=sou
rce)
  File "C:\Users\hp\De
sktop\cliniaque\templa
tes\messages.html", 
line 1, in top-level 
template code
    {% extends 
"base.html" %}
  File "C:\Users\hp\Ap
pData\Local\Programs\P
ython\Python311\Lib\si
te-packages\jinja2\env
ironment.py", line 
942, in 
handle_exception
    raise rewrite_trac
eback_stack(source=sou
rce)
  File "C:\Users\hp\De
sktop\cliniaque\templa
tes\base.html", line 
67, in template
    {% endif %}
^^^^^^^^^^^^^^^^
jinja2.exceptions.Temp
lateSyntaxError: 
Encountered unknown 
tag 'endif'.
